
> companionos@0.1.0 build:main
> webpack --config webpack.main.config.js --mode production

