
> companionos@0.1.0 test
> vitest run

